uid,targetTaxonGroup,labSpecificStartDate,labSpecificEndDate,laboratoryName,qpcrDetectionMethod,primerConcentration,forwardPrimer,reversePrimer,ampliconLength,dNTPConcentration,probeConcentration,mgConcentration,polymeraseType,polymeraseUnitNumber,bufferID,bufferComposition,reactionVolume,qpcrMethod,instrument,primerSpecificity,detectionLimit,multiplexStatus,qPCRAnalysisProgram,cqMethod,recordedBy,dataQF,publicationDate
91969727-5313-4707-b6d4-2aaeecaa01ab,fungi,2017-12-08,2018-02-25,Battelle Applied Genomics,DNA binding dye,0.2,CTTGGTCATTTAGAGGAAGTAA,GCTGCGTTCTTCATCGATGC,325,1.2,,2.5,KAPA,,,,20,BMI_qPCR_SOP_v3,ABI 7500 Fast,,4,N,ABI 7500 v2.3,BMI_qPCR_SOP_v3,rxnG2CiGqmvDdHh9VY28xQ==,,20180705T173721Z
fccbb845-2684-486c-b44f-a47fd27713dc,bacteria and archaea,2017-12-08,2018-02-25,Battelle Applied Genomics,DNA binding dye,0.2,CCTACGGGNBGCASCAG,GGACTACNVGGGTATCTAATCC,467,1.2,,2.5,KAPA,,,,20,BMI_qPCR_SOP_v3,ABI 7500 Fast,,22,N,ABI 7500 v2.3,BMI_qPCR_SOP_v3,rxnG2CiGqmvDdHh9VY28xQ==,,20180705T173721Z
49cb98f9-8277-4d39-87bc-316ff97637b8,bacteria and archaea,2017-12-08,2018-02-25,Battelle Applied Genomics,DNA binding dye,0.2,CCTACGGGNBGCASCAG,GGACTACNVGGGTATCTAATCC,467,1.2,,2.5,KAPA,,,,20,BMI_qPCR_SOP_v3,ABI 7500 Fast,,22,N,ABI 7500 v2.3,BMI_qPCR_SOP_v2,rxnG2CiGqmvDdHh9VY28xQ==,,20180705T173721Z
3f96ee99-887b-48d9-bcc6-0485cf67e24a,fungi,2017-12-08,2018-02-25,Battelle Applied Genomics,DNA binding dye,0.2,CTTGGTCATTTAGAGGAAGTAA,GCTGCGTTCTTCATCGATGC,325,1.2,,2.5,KAPA,,,,20,BMI_qPCR_SOP_v3,ABI 7500 Fast,,4,N,ABI 7500 v2.3,BMI_qPCR_SOP_v2,rxnG2CiGqmvDdHh9VY28xQ==,,20180705T173721Z
ff9c7fdb-06db-429a-bcb8-58f9e3f63122,bacteria and archaea,2017-09-01,2017-11-14,Battelle Applied Genomics,DNA binding dye,0.2,CCTACGGGNBGCASCAG,GGACTACNVGGGTATCTAATCC,467,1.2,,2.5,KAPA,,,,20,BMI_qPCR_SOP_v1,ABI 7500 Fast,,22,N,ABI 7500 v2.3,BMI_qPCR_SOP_v1,rxnG2CiGqmvDdHh9VY28xQ==,,20180705T173721Z
3fb531f3-f932-449f-b8da-6e239c9828bc,fungi,2017-09-01,2017-11-14,Battelle Applied Genomics,DNA binding dye,0.2,CTTGGTCATTTAGAGGAAGTAA,GCTGCGTTCTTCATCGATGC,325,1.2,,2.5,KAPA,,,,20,BMI_qPCR_SOP_v1,ABI 7500 Fast,,4,N,ABI 7500 v2.3,BMI_qPCR_SOP_v1,rxnG2CiGqmvDdHh9VY28xQ==,,20180705T173721Z
67adffbb-3049-425b-aee0-6cae37e7e9d8,bacteria and archaea,2017-11-15,2017-12-08,Battelle Applied Genomics,DNA binding dye,0.2,CCTACGGGNBGCASCAG,GGACTACNVGGGTATCTAATCC,467,1.2,,2.5,KAPA,,,,20,BMI_qPCR_SOP_v2,ABI 7500 Fast,,22,N,ABI 7500 v2.3,BMI_qPCR_SOP_v2,TuIbGgXF7vfkyq5thAKFMA==,,20180705T173721Z
9c91ab5b-ff3a-44fa-86e2-72e29c5748b3,fungi,2017-11-15,2017-12-08,Battelle Applied Genomics,DNA binding dye,0.2,CTTGGTCATTTAGAGGAAGTAA,GCTGCGTTCTTCATCGATGC,325,1.2,,2.5,KAPA,,,,20,BMI_qPCR_SOP_v2,ABI 7500 Fast,,4,N,ABI 7500 v2.3,BMI_qPCR_SOP_v2,TuIbGgXF7vfkyq5thAKFMA==,,20180705T173721Z
